// Jest Snapshot v1, https://goo.gl/fbAQLP

exports[`Testing Greeting Component 1`] = `
<div>
  <h1>
    Hello, world!
  </h1>
</div>
`;
